// Jest Snapshot v1, https://goo.gl/fbAQLP

exports[`LoginPage Component matches snapshot 1`] = `
<DocumentFragment>
  <div
    class="css-1adomd5"
  >
    <div
      class="css-9pszs3"
    >
      <div
        class="css-1mnsngf"
      >
        <a
          class="chakra-link css-spn4bz"
          href="/"
        >
          <img
            alt="logo"
            data-nimg="1"
            decoding="async"
            height="100"
            loading="lazy"
            src="/_next/image?url=%2Fheader-log.png&w=384&q=75"
            srcset="/_next/image?url=%2Fheader-log.png&w=256&q=75 1x, /_next/image?url=%2Fheader-log.png&w=384&q=75 2x"
            style="color: transparent;"
            width="150"
          />
        </a>
        <div
          class="css-obbx8x"
        />
        <div
          class="css-59rmzh"
          spacing="4"
        >
          <a
            class="chakra-link css-1bd5zad"
            href="/menu"
          >
            <b
              class="chakra-text css-1rjuz8t"
            >
              Menu
            </b>
          </a>
          <a
            class="chakra-link css-1bd5zad"
            href="/locations"
          >
            <b
              class="chakra-text css-1rjuz8t"
            >
              Locations
            </b>
          </a>
          <a
            class="chakra-link css-1bd5zad"
            href="/order/search-location"
          >
            <b
              class="chakra-text css-1rjuz8t"
            >
              Order Online
            </b>
          </a>
          <a
            class="chakra-link css-1bd5zad"
            href="/contact"
          >
            <b
              class="chakra-text css-1rjuz8t"
            >
              Contact Us
            </b>
          </a>
        </div>
        <button
          aria-label="Open menu"
          class="chakra-button css-vi77io"
          type="button"
        >
          <svg
            aria-hidden="true"
            class="chakra-icon css-onkibi"
            focusable="false"
            viewBox="0 0 24 24"
          >
            <path
              d="M 3 5 A 1.0001 1.0001 0 1 0 3 7 L 21 7 A 1.0001 1.0001 0 1 0 21 5 L 3 5 z M 3 11 A 1.0001 1.0001 0 1 0 3 13 L 21 13 A 1.0001 1.0001 0 1 0 21 11 L 3 11 z M 3 17 A 1.0001 1.0001 0 1 0 3 19 L 21 19 A 1.0001 1.0001 0 1 0 21 17 L 3 17 z"
              fill="currentColor"
            />
          </svg>
        </button>
      </div>
    </div>
    <button
      aria-label="Open"
      class="chakra-button css-80ocxn"
      type="button"
    >
      <svg
        aria-hidden="true"
        class="chakra-icon css-onkibi"
        focusable="false"
        viewBox="0 0 24 24"
      >
        <path
          d="M12 4l-1.41 1.41L16.17 11H4v2h12.17l-5.58 5.59L12 20l8-8z"
          fill="currentColor"
        />
      </svg>
    </button>
    <div
      class="chakra-container css-w5vwv7"
    >
      <div
        class="css-154oljs"
      >
        <div
          class="chakra-stack css-8sp5fg"
        >
          <h2
            class="chakra-heading css-y5314g"
          >
            Employee Login
          </h2>
          <form
            class="css-4e9euq"
          >
            <div
              class="chakra-stack css-o51fhk"
            >
              <input
                class="chakra-input css-1235tff"
                placeholder="Email"
                type="email"
              />
              <input
                class="chakra-input css-1235tff"
                placeholder="Password"
                type="password"
              />
              <button
                class="chakra-button css-1d3g696"
                type="submit"
              >
                Login
              </button>
            </div>
          </form>
        </div>
      </div>
    </div>
    <div
      class="css-1h0z4xn"
    >
      <div
        class="css-1k1meu9"
      >
        <div
          class="chakra-stack css-1afzca4"
        >
          <p
            class="chakra-text css-1xs2h3i"
          >
            Contact Us
          </p>
          <p
            class="chakra-text css-0"
          >
            (416) 551-9666
          </p>
          <p
            class="chakra-text css-0"
          >
            drinkwise@gmail.com
          </p>
          <p
            class="chakra-text css-0"
          >
            420 Yonge St, North York, ON M2N5V5, Canada
          </p>
        </div>
        <div
          class="css-ekgfo0"
        />
        <div
          class="chakra-stack css-w6pj8d"
        >
          <div
            class="css-0"
          >
            <img
              alt="logo"
              data-nimg="1"
              decoding="async"
              height="50"
              loading="lazy"
              src="/_next/image?url=%2Ffooter-logo.png&w=256&q=75"
              srcset="/_next/image?url=%2Ffooter-logo.png&w=96&q=75 1x, /_next/image?url=%2Ffooter-logo.png&w=256&q=75 2x"
              style="color: transparent;"
              width="90"
            />
          </div>
          <div
            class="chakra-stack css-1rafi8n"
          >
            <a
              class="chakra-link css-ty7wqr"
              href="/privacy"
            >
              Privacy Policy
            </a>
            <a
              class="chakra-link css-ty7wqr"
              href="/terms"
            >
              Terms of Service
            </a>
          </div>
        </div>
      </div>
    </div>
  </div>
  <span
    hidden=""
    id="__chakra_env"
  />
</DocumentFragment>
`;
